Archive member included to satisfy reference by file (symbol)

c:/program files (x86)/atmel/studio/7.0/toolchain/avr8/avr8-gnu-toolchain/bin/../lib/gcc/avr/5.4.0/../../../../avr/lib/avr5\libm.a(addsf3.o)
                              soil/soil.o (__subsf3)
c:/program files (x86)/atmel/studio/7.0/toolchain/avr8/avr8-gnu-toolchain/bin/../lib/gcc/avr/5.4.0/../../../../avr/lib/avr5\libm.a(addsf3x.o)
                              c:/program files (x86)/atmel/studio/7.0/toolchain/avr8/avr8-gnu-toolchain/bin/../lib/gcc/avr/5.4.0/../../../../avr/lib/avr5\libm.a(addsf3.o) (__addsf3x)
c:/program files (x86)/atmel/studio/7.0/toolchain/avr8/avr8-gnu-toolchain/bin/../lib/gcc/avr/5.4.0/../../../../avr/lib/avr5\libm.a(divsf3.o)
                              soil/soil.o (__divsf3)
c:/program files (x86)/atmel/studio/7.0/toolchain/avr8/avr8-gnu-toolchain/bin/../lib/gcc/avr/5.4.0/../../../../avr/lib/avr5\libm.a(divsf3x.o)
                              c:/program files (x86)/atmel/studio/7.0/toolchain/avr8/avr8-gnu-toolchain/bin/../lib/gcc/avr/5.4.0/../../../../avr/lib/avr5\libm.a(divsf3.o) (__divsf3x)
c:/program files (x86)/atmel/studio/7.0/toolchain/avr8/avr8-gnu-toolchain/bin/../lib/gcc/avr/5.4.0/../../../../avr/lib/avr5\libm.a(floatsisf.o)
                              soil/soil.o (__floatunsisf)
c:/program files (x86)/atmel/studio/7.0/toolchain/avr8/avr8-gnu-toolchain/bin/../lib/gcc/avr/5.4.0/../../../../avr/lib/avr5\libm.a(fp_inf.o)
                              c:/program files (x86)/atmel/studio/7.0/toolchain/avr8/avr8-gnu-toolchain/bin/../lib/gcc/avr/5.4.0/../../../../avr/lib/avr5\libm.a(addsf3x.o) (__fp_inf)
c:/program files (x86)/atmel/studio/7.0/toolchain/avr8/avr8-gnu-toolchain/bin/../lib/gcc/avr/5.4.0/../../../../avr/lib/avr5\libm.a(fp_nan.o)
                              c:/program files (x86)/atmel/studio/7.0/toolchain/avr8/avr8-gnu-toolchain/bin/../lib/gcc/avr/5.4.0/../../../../avr/lib/avr5\libm.a(addsf3x.o) (__fp_nan)
c:/program files (x86)/atmel/studio/7.0/toolchain/avr8/avr8-gnu-toolchain/bin/../lib/gcc/avr/5.4.0/../../../../avr/lib/avr5\libm.a(fp_pscA.o)
                              c:/program files (x86)/atmel/studio/7.0/toolchain/avr8/avr8-gnu-toolchain/bin/../lib/gcc/avr/5.4.0/../../../../avr/lib/avr5\libm.a(addsf3x.o) (__fp_pscA)
c:/program files (x86)/atmel/studio/7.0/toolchain/avr8/avr8-gnu-toolchain/bin/../lib/gcc/avr/5.4.0/../../../../avr/lib/avr5\libm.a(fp_pscB.o)
                              c:/program files (x86)/atmel/studio/7.0/toolchain/avr8/avr8-gnu-toolchain/bin/../lib/gcc/avr/5.4.0/../../../../avr/lib/avr5\libm.a(addsf3x.o) (__fp_pscB)
c:/program files (x86)/atmel/studio/7.0/toolchain/avr8/avr8-gnu-toolchain/bin/../lib/gcc/avr/5.4.0/../../../../avr/lib/avr5\libm.a(fp_round.o)
                              c:/program files (x86)/atmel/studio/7.0/toolchain/avr8/avr8-gnu-toolchain/bin/../lib/gcc/avr/5.4.0/../../../../avr/lib/avr5\libm.a(addsf3.o) (__fp_round)
c:/program files (x86)/atmel/studio/7.0/toolchain/avr8/avr8-gnu-toolchain/bin/../lib/gcc/avr/5.4.0/../../../../avr/lib/avr5\libm.a(fp_split3.o)
                              c:/program files (x86)/atmel/studio/7.0/toolchain/avr8/avr8-gnu-toolchain/bin/../lib/gcc/avr/5.4.0/../../../../avr/lib/avr5\libm.a(addsf3x.o) (__fp_split3)
c:/program files (x86)/atmel/studio/7.0/toolchain/avr8/avr8-gnu-toolchain/bin/../lib/gcc/avr/5.4.0/../../../../avr/lib/avr5\libm.a(fp_zero.o)
                              c:/program files (x86)/atmel/studio/7.0/toolchain/avr8/avr8-gnu-toolchain/bin/../lib/gcc/avr/5.4.0/../../../../avr/lib/avr5\libm.a(addsf3x.o) (__fp_zero)
c:/program files (x86)/atmel/studio/7.0/toolchain/avr8/avr8-gnu-toolchain/bin/../lib/gcc/avr/5.4.0/../../../../avr/lib/avr5\libm.a(mulsf3.o)
                              soil/soil.o (__mulsf3)
c:/program files (x86)/atmel/studio/7.0/toolchain/avr8/avr8-gnu-toolchain/bin/../lib/gcc/avr/5.4.0/../../../../avr/lib/avr5\libm.a(mulsf3x.o)
                              c:/program files (x86)/atmel/studio/7.0/toolchain/avr8/avr8-gnu-toolchain/bin/../lib/gcc/avr/5.4.0/../../../../avr/lib/avr5\libm.a(mulsf3.o) (__mulsf3x)
c:/program files (x86)/atmel/studio/7.0/toolchain/avr8/avr8-gnu-toolchain/bin/../lib/gcc/avr/5.4.0/avr5\libgcc.a(_exit.o)
                              C:/Program Files (x86)/Atmel/Studio/7.0/Packs/atmel/ATmega_DFP/1.6.364/gcc/dev/atmega32/avr5/crtatmega32.o (exit)
c:/program files (x86)/atmel/studio/7.0/toolchain/avr8/avr8-gnu-toolchain/bin/../lib/gcc/avr/5.4.0/avr5\libgcc.a(_copy_data.o)
                              basics/PINS_Direction.o (__do_copy_data)
c:/program files (x86)/atmel/studio/7.0/toolchain/avr8/avr8-gnu-toolchain/bin/../lib/gcc/avr/5.4.0/avr5\libgcc.a(_clear_bss.o)
                              DHT11/dht11.o (__do_clear_bss)
c:/program files (x86)/atmel/studio/7.0/toolchain/avr8/avr8-gnu-toolchain/bin/../lib/gcc/avr/5.4.0/../../../../avr/lib/avr5\libc.a(dtostrf.o)
                              soil/soil.o (dtostrf)
c:/program files (x86)/atmel/studio/7.0/toolchain/avr8/avr8-gnu-toolchain/bin/../lib/gcc/avr/5.4.0/../../../../avr/lib/avr5\libc.a(itoa_ncheck.o)
                              DHT11/dht11.o (__itoa_ncheck)
c:/program files (x86)/atmel/studio/7.0/toolchain/avr8/avr8-gnu-toolchain/bin/../lib/gcc/avr/5.4.0/../../../../avr/lib/avr5\libc.a(utoa_ncheck.o)
                              c:/program files (x86)/atmel/studio/7.0/toolchain/avr8/avr8-gnu-toolchain/bin/../lib/gcc/avr/5.4.0/../../../../avr/lib/avr5\libc.a(itoa_ncheck.o) (__utoa_common)
c:/program files (x86)/atmel/studio/7.0/toolchain/avr8/avr8-gnu-toolchain/bin/../lib/gcc/avr/5.4.0/../../../../avr/lib/avr5\libc.a(dtoa_prf.o)
                              c:/program files (x86)/atmel/studio/7.0/toolchain/avr8/avr8-gnu-toolchain/bin/../lib/gcc/avr/5.4.0/../../../../avr/lib/avr5\libc.a(dtostrf.o) (dtoa_prf)
c:/program files (x86)/atmel/studio/7.0/toolchain/avr8/avr8-gnu-toolchain/bin/../lib/gcc/avr/5.4.0/../../../../avr/lib/avr5\libc.a(ftoa_engine.o)
                              c:/program files (x86)/atmel/studio/7.0/toolchain/avr8/avr8-gnu-toolchain/bin/../lib/gcc/avr/5.4.0/../../../../avr/lib/avr5\libc.a(dtoa_prf.o) (__ftoa_engine)
c:/program files (x86)/atmel/studio/7.0/toolchain/avr8/avr8-gnu-toolchain/bin/../lib/gcc/avr/5.4.0/../../../../avr/lib/avr5\libc.a(strrev.o)
                              c:/program files (x86)/atmel/studio/7.0/toolchain/avr8/avr8-gnu-toolchain/bin/../lib/gcc/avr/5.4.0/../../../../avr/lib/avr5\libc.a(utoa_ncheck.o) (strrev)
c:/program files (x86)/atmel/studio/7.0/toolchain/avr8/avr8-gnu-toolchain/bin/../lib/gcc/avr/5.4.0/avr5\libgcc.a(_prologue.o)
                              c:/program files (x86)/atmel/studio/7.0/toolchain/avr8/avr8-gnu-toolchain/bin/../lib/gcc/avr/5.4.0/../../../../avr/lib/avr5\libc.a(dtoa_prf.o) (__prologue_saves__)
c:/program files (x86)/atmel/studio/7.0/toolchain/avr8/avr8-gnu-toolchain/bin/../lib/gcc/avr/5.4.0/avr5\libgcc.a(_epilogue.o)
                              c:/program files (x86)/atmel/studio/7.0/toolchain/avr8/avr8-gnu-toolchain/bin/../lib/gcc/avr/5.4.0/../../../../avr/lib/avr5\libc.a(dtoa_prf.o) (__epilogue_restores__)

Allocating common symbols
Common symbol       size              file

p2f0                0x2               int/External_interrupt.o
D_RH                0x1               DHT11/dht11.o
CheckSum            0x1               DHT11/dht11.o
I_Temp              0x1               DHT11/dht11.o
I_RH                0x1               DHT11/dht11.o
p2f1                0x2               int/External_interrupt.o
p2f2                0x2               int/External_interrupt.o
D_Temp              0x1               DHT11/dht11.o

Discarded input sections

 .data          0x00000000        0x0 C:/Program Files (x86)/Atmel/Studio/7.0/Packs/atmel/ATmega_DFP/1.6.364/gcc/dev/atmega32/avr5/crtatmega32.o
 .bss           0x00000000        0x0 C:/Program Files (x86)/Atmel/Studio/7.0/Packs/atmel/ATmega_DFP/1.6.364/gcc/dev/atmega32/avr5/crtatmega32.o
 .group         0x00000000        0x8 ADC/ADC_program.o
 .group         0x00000000        0x8 ADC/ADC_program.o
 .group         0x00000000        0x8 ADC/ADC_program.o
 .group         0x00000000        0x8 ADC/ADC_program.o
 .group         0x00000000        0x8 ADC/ADC_program.o
 .group         0x00000000        0x8 ADC/ADC_program.o
 .group         0x00000000        0x8 ADC/ADC_program.o
 .group         0x00000000        0x8 ADC/ADC_program.o
 .group         0x00000000        0x8 ADC/ADC_program.o
 .group         0x00000000        0x8 ADC/ADC_program.o
 .group         0x00000000        0x8 ADC/ADC_program.o
 .group         0x00000000        0x8 ADC/ADC_program.o
 .group         0x00000000        0x8 ADC/ADC_program.o
 .group         0x00000000        0x8 ADC/ADC_program.o
 .group         0x00000000        0x8 ADC/ADC_program.o
 .group         0x00000000        0x8 ADC/ADC_program.o
 .group         0x00000000        0x8 ADC/ADC_program.o
 .text          0x00000000        0x0 ADC/ADC_program.o
 .data          0x00000000        0x0 ADC/ADC_program.o
 .bss           0x00000000        0x0 ADC/ADC_program.o
 .group         0x00000000        0x8 basics/PINS_Direction.o
 .group         0x00000000        0x8 basics/PINS_Direction.o
 .group         0x00000000        0x8 basics/PINS_Direction.o
 .group         0x00000000        0x8 basics/PINS_Direction.o
 .group         0x00000000        0x8 basics/PINS_Direction.o
 .group         0x00000000        0x8 basics/PINS_Direction.o
 .group         0x00000000        0x8 basics/PINS_Direction.o
 .group         0x00000000        0x8 basics/PINS_Direction.o
 .group         0x00000000        0x8 basics/PINS_Direction.o
 .group         0x00000000        0x8 basics/PINS_Direction.o
 .group         0x00000000        0x8 basics/PINS_Direction.o
 .group         0x00000000        0x8 basics/PINS_Direction.o
 .group         0x00000000        0x8 basics/PINS_Direction.o
 .group         0x00000000        0x8 basics/PINS_Direction.o
 .group         0x00000000        0x8 basics/PINS_Direction.o
 .group         0x00000000        0x8 basics/PINS_Direction.o
 .text          0x00000000        0x0 basics/PINS_Direction.o
 .data          0x00000000        0x0 basics/PINS_Direction.o
 .bss           0x00000000        0x0 basics/PINS_Direction.o
 .debug_macro   0x00000000      0xa4e basics/PINS_Direction.o
 .debug_macro   0x00000000       0x10 basics/PINS_Direction.o
 .debug_macro   0x00000000       0x10 basics/PINS_Direction.o
 .debug_macro   0x00000000      0x1c9 basics/PINS_Direction.o
 .debug_macro   0x00000000      0x2fc basics/PINS_Direction.o
 .debug_macro   0x00000000       0x9e basics/PINS_Direction.o
 .debug_macro   0x00000000      0xc24 basics/PINS_Direction.o
 .debug_macro   0x00000000      0x170 basics/PINS_Direction.o
 .debug_macro   0x00000000       0xbd basics/PINS_Direction.o
 .debug_macro   0x00000000       0x34 basics/PINS_Direction.o
 .debug_macro   0x00000000       0x18 basics/PINS_Direction.o
 .debug_macro   0x00000000       0x6c basics/PINS_Direction.o
 .debug_macro   0x00000000      0x2dc basics/PINS_Direction.o
 .debug_macro   0x00000000       0x22 basics/PINS_Direction.o
 .debug_macro   0x00000000      0x27b basics/PINS_Direction.o
 .debug_macro   0x00000000       0x10 basics/PINS_Direction.o
 .group         0x00000000        0x8 DHT11/dht11.o
 .group         0x00000000        0x8 DHT11/dht11.o
 .group         0x00000000        0x8 DHT11/dht11.o
 .group         0x00000000        0x8 DHT11/dht11.o
 .group         0x00000000        0x8 DHT11/dht11.o
 .group         0x00000000        0x8 DHT11/dht11.o
 .group         0x00000000        0x8 DHT11/dht11.o
 .group         0x00000000        0x8 DHT11/dht11.o
 .group         0x00000000        0x8 DHT11/dht11.o
 .group         0x00000000        0x8 DHT11/dht11.o
 .group         0x00000000        0x8 DHT11/dht11.o
 .group         0x00000000        0x8 DHT11/dht11.o
 .group         0x00000000        0x8 DHT11/dht11.o
 .group         0x00000000        0x8 DHT11/dht11.o
 .group         0x00000000        0x8 DHT11/dht11.o
 .group         0x00000000        0x8 DHT11/dht11.o
 .group         0x00000000        0x8 DHT11/dht11.o
 .group         0x00000000        0x8 DHT11/dht11.o
 .group         0x00000000        0x8 DHT11/dht11.o
 .group         0x00000000        0x8 DHT11/dht11.o
 .group         0x00000000        0x8 DHT11/dht11.o
 .group         0x00000000        0x8 DHT11/dht11.o
 .group         0x00000000        0x8 DHT11/dht11.o
 .text          0x00000000        0x0 DHT11/dht11.o
 .data          0x00000000        0x0 DHT11/dht11.o
 .bss           0x00000000        0x0 DHT11/dht11.o
 .debug_macro   0x00000000      0xa4e DHT11/dht11.o
 .debug_macro   0x00000000      0x1c9 DHT11/dht11.o
 .debug_macro   0x00000000      0x2fc DHT11/dht11.o
 .debug_macro   0x00000000       0x10 DHT11/dht11.o
 .debug_macro   0x00000000      0xc24 DHT11/dht11.o
 .debug_macro   0x00000000      0x170 DHT11/dht11.o
 .debug_macro   0x00000000       0xbd DHT11/dht11.o
 .debug_macro   0x00000000       0x34 DHT11/dht11.o
 .debug_macro   0x00000000       0x18 DHT11/dht11.o
 .debug_macro   0x00000000       0x6c DHT11/dht11.o
 .debug_macro   0x00000000      0x2dc DHT11/dht11.o
 .debug_macro   0x00000000       0x22 DHT11/dht11.o
 .debug_macro   0x00000000      0x27b DHT11/dht11.o
 .debug_macro   0x00000000       0x10 DHT11/dht11.o
 .group         0x00000000        0x8 int/External_interrupt.o
 .group         0x00000000        0x8 int/External_interrupt.o
 .group         0x00000000        0x8 int/External_interrupt.o
 .group         0x00000000        0x8 int/External_interrupt.o
 .group         0x00000000        0x8 int/External_interrupt.o
 .group         0x00000000        0x8 int/External_interrupt.o
 .group         0x00000000        0x8 int/External_interrupt.o
 .group         0x00000000        0x8 int/External_interrupt.o
 .group         0x00000000        0x8 int/External_interrupt.o
 .group         0x00000000        0x8 int/External_interrupt.o
 .group         0x00000000        0x8 int/External_interrupt.o
 .group         0x00000000        0x8 int/External_interrupt.o
 .group         0x00000000        0x8 int/External_interrupt.o
 .group         0x00000000        0x8 int/External_interrupt.o
 .group         0x00000000        0x8 int/External_interrupt.o
 .group         0x00000000        0x8 int/External_interrupt.o
 .group         0x00000000        0x8 int/External_interrupt.o
 .group         0x00000000        0x8 int/External_interrupt.o
 .text          0x00000000        0x0 int/External_interrupt.o
 .data          0x00000000        0x0 int/External_interrupt.o
 .bss           0x00000000        0x0 int/External_interrupt.o
 .text.SET_CallBack_INT1
                0x00000000        0xa int/External_interrupt.o
 .text.SET_CallBack_INT2
                0x00000000        0xa int/External_interrupt.o
 .debug_macro   0x00000000      0xa4e int/External_interrupt.o
 .debug_macro   0x00000000       0x10 int/External_interrupt.o
 .debug_macro   0x00000000      0x1c9 int/External_interrupt.o
 .debug_macro   0x00000000      0x2fc int/External_interrupt.o
 .debug_macro   0x00000000       0x9e int/External_interrupt.o
 .debug_macro   0x00000000      0xc24 int/External_interrupt.o
 .debug_macro   0x00000000      0x170 int/External_interrupt.o
 .debug_macro   0x00000000       0xbd int/External_interrupt.o
 .debug_macro   0x00000000       0x34 int/External_interrupt.o
 .debug_macro   0x00000000       0x18 int/External_interrupt.o
 .debug_macro   0x00000000       0x6c int/External_interrupt.o
 .debug_macro   0x00000000       0x10 int/External_interrupt.o
 .debug_macro   0x00000000      0x2dc int/External_interrupt.o
 .debug_macro   0x00000000       0x22 int/External_interrupt.o
 .debug_macro   0x00000000      0x27b int/External_interrupt.o
 .debug_macro   0x00000000       0x10 int/External_interrupt.o
 .group         0x00000000        0x8 LCCD/LCD_PROGRAM.o
 .group         0x00000000        0x8 LCCD/LCD_PROGRAM.o
 .group         0x00000000        0x8 LCCD/LCD_PROGRAM.o
 .group         0x00000000        0x8 LCCD/LCD_PROGRAM.o
 .group         0x00000000        0x8 LCCD/LCD_PROGRAM.o
 .group         0x00000000        0x8 LCCD/LCD_PROGRAM.o
 .group         0x00000000        0x8 LCCD/LCD_PROGRAM.o
 .group         0x00000000        0x8 LCCD/LCD_PROGRAM.o
 .group         0x00000000        0x8 LCCD/LCD_PROGRAM.o
 .group         0x00000000        0x8 LCCD/LCD_PROGRAM.o
 .group         0x00000000        0x8 LCCD/LCD_PROGRAM.o
 .group         0x00000000        0x8 LCCD/LCD_PROGRAM.o
 .group         0x00000000        0x8 LCCD/LCD_PROGRAM.o
 .group         0x00000000        0x8 LCCD/LCD_PROGRAM.o
 .group         0x00000000        0x8 LCCD/LCD_PROGRAM.o
 .group         0x00000000        0x8 LCCD/LCD_PROGRAM.o
 .group         0x00000000        0x8 LCCD/LCD_PROGRAM.o
 .group         0x00000000        0x8 LCCD/LCD_PROGRAM.o
 .group         0x00000000        0x8 LCCD/LCD_PROGRAM.o
 .group         0x00000000        0x8 LCCD/LCD_PROGRAM.o
 .text          0x00000000        0x0 LCCD/LCD_PROGRAM.o
 .data          0x00000000        0x0 LCCD/LCD_PROGRAM.o
 .bss           0x00000000        0x0 LCCD/LCD_PROGRAM.o
 .debug_macro   0x00000000      0xa4e LCCD/LCD_PROGRAM.o
 .debug_macro   0x00000000       0x10 LCCD/LCD_PROGRAM.o
 .debug_macro   0x00000000      0x1c9 LCCD/LCD_PROGRAM.o
 .debug_macro   0x00000000      0x2fc LCCD/LCD_PROGRAM.o
 .debug_macro   0x00000000       0x9e LCCD/LCD_PROGRAM.o
 .debug_macro   0x00000000      0xc24 LCCD/LCD_PROGRAM.o
 .debug_macro   0x00000000      0x170 LCCD/LCD_PROGRAM.o
 .debug_macro   0x00000000       0xbd LCCD/LCD_PROGRAM.o
 .debug_macro   0x00000000       0x34 LCCD/LCD_PROGRAM.o
 .debug_macro   0x00000000       0x18 LCCD/LCD_PROGRAM.o
 .debug_macro   0x00000000       0x6c LCCD/LCD_PROGRAM.o
 .debug_macro   0x00000000       0x10 LCCD/LCD_PROGRAM.o
 .debug_macro   0x00000000       0x10 LCCD/LCD_PROGRAM.o
 .debug_macro   0x00000000      0x2dc LCCD/LCD_PROGRAM.o
 .debug_macro   0x00000000       0x22 LCCD/LCD_PROGRAM.o
 .debug_macro   0x00000000      0x27b LCCD/LCD_PROGRAM.o
 .debug_macro   0x00000000       0x10 LCCD/LCD_PROGRAM.o
 .debug_macro   0x00000000       0x46 LCCD/LCD_PROGRAM.o
 .debug_macro   0x00000000       0x34 LCCD/LCD_PROGRAM.o
 .group         0x00000000        0x8 main.o
 .group         0x00000000        0x8 main.o
 .group         0x00000000        0x8 main.o
 .group         0x00000000        0x8 main.o
 .group         0x00000000        0x8 main.o
 .group         0x00000000        0x8 main.o
 .group         0x00000000        0x8 main.o
 .group         0x00000000        0x8 main.o
 .group         0x00000000        0x8 main.o
 .group         0x00000000        0x8 main.o
 .group         0x00000000        0x8 main.o
 .group         0x00000000        0x8 main.o
 .group         0x00000000        0x8 main.o
 .group         0x00000000        0x8 main.o
 .group         0x00000000        0x8 main.o
 .group         0x00000000        0x8 main.o
 .group         0x00000000        0x8 main.o
 .group         0x00000000        0x8 main.o
 .group         0x00000000        0x8 main.o
 .group         0x00000000        0x8 main.o
 .group         0x00000000        0x8 main.o
 .group         0x00000000        0x8 main.o
 .group         0x00000000        0x8 main.o
 .group         0x00000000        0x8 main.o
 .group         0x00000000        0x8 main.o
 .group         0x00000000        0x8 main.o
 .group         0x00000000        0x8 main.o
 .group         0x00000000        0x8 main.o
 .group         0x00000000        0x8 main.o
 .text          0x00000000        0x0 main.o
 .data          0x00000000        0x0 main.o
 .bss           0x00000000        0x0 main.o
 .debug_macro   0x00000000      0xa4e main.o
 .debug_macro   0x00000000       0x10 main.o
 .debug_macro   0x00000000      0x1c9 main.o
 .debug_macro   0x00000000      0x2fc main.o
 .debug_macro   0x00000000       0x9e main.o
 .debug_macro   0x00000000      0xc24 main.o
 .debug_macro   0x00000000      0x170 main.o
 .debug_macro   0x00000000       0xbd main.o
 .debug_macro   0x00000000       0x34 main.o
 .debug_macro   0x00000000       0x18 main.o
 .debug_macro   0x00000000       0x6c main.o
 .debug_macro   0x00000000       0x10 main.o
 .debug_macro   0x00000000      0x2dc main.o
 .debug_macro   0x00000000       0x22 main.o
 .debug_macro   0x00000000      0x27b main.o
 .debug_macro   0x00000000       0x10 main.o
 .debug_macro   0x00000000       0x40 main.o
 .debug_macro   0x00000000       0x1c main.o
 .debug_macro   0x00000000      0x10e main.o
 .debug_macro   0x00000000       0x66 main.o
 .debug_macro   0x00000000       0x5e main.o
 .debug_macro   0x00000000       0x10 main.o
 .debug_macro   0x00000000      0x160 main.o
 .debug_macro   0x00000000       0x46 main.o
 .debug_macro   0x00000000       0x34 main.o
 .debug_macro   0x00000000       0x10 main.o
 .group         0x00000000        0x8 Rain/rain.o
 .group         0x00000000        0x8 Rain/rain.o
 .group         0x00000000        0x8 Rain/rain.o
 .group         0x00000000        0x8 Rain/rain.o
 .group         0x00000000        0x8 Rain/rain.o
 .group         0x00000000        0x8 Rain/rain.o
 .group         0x00000000        0x8 Rain/rain.o
 .group         0x00000000        0x8 Rain/rain.o
 .group         0x00000000        0x8 Rain/rain.o
 .group         0x00000000        0x8 Rain/rain.o
 .group         0x00000000        0x8 Rain/rain.o
 .group         0x00000000        0x8 Rain/rain.o
 .group         0x00000000        0x8 Rain/rain.o
 .group         0x00000000        0x8 Rain/rain.o
 .group         0x00000000        0x8 Rain/rain.o
 .group         0x00000000        0x8 Rain/rain.o
 .group         0x00000000        0x8 Rain/rain.o
 .group         0x00000000        0x8 Rain/rain.o
 .group         0x00000000        0x8 Rain/rain.o
 .group         0x00000000        0x8 Rain/rain.o
 .text          0x00000000        0x0 Rain/rain.o
 .data          0x00000000        0x0 Rain/rain.o
 .bss           0x00000000        0x0 Rain/rain.o
 .debug_macro   0x00000000      0xa4e Rain/rain.o
 .debug_macro   0x00000000       0x10 Rain/rain.o
 .debug_macro   0x00000000      0x1c9 Rain/rain.o
 .debug_macro   0x00000000      0x2fc Rain/rain.o
 .debug_macro   0x00000000       0x9e Rain/rain.o
 .debug_macro   0x00000000      0xc24 Rain/rain.o
 .debug_macro   0x00000000      0x170 Rain/rain.o
 .debug_macro   0x00000000       0xbd Rain/rain.o
 .debug_macro   0x00000000       0x34 Rain/rain.o
 .debug_macro   0x00000000       0x18 Rain/rain.o
 .debug_macro   0x00000000       0x6c Rain/rain.o
 .debug_macro   0x00000000       0x10 Rain/rain.o
 .debug_macro   0x00000000      0x166 Rain/rain.o
 .debug_macro   0x00000000       0x10 Rain/rain.o
 .debug_macro   0x00000000      0x2dc Rain/rain.o
 .debug_macro   0x00000000       0x22 Rain/rain.o
 .debug_macro   0x00000000      0x27b Rain/rain.o
 .debug_macro   0x00000000       0x10 Rain/rain.o
 .debug_macro   0x00000000       0x46 Rain/rain.o
 .debug_macro   0x00000000       0x34 Rain/rain.o
 .group         0x00000000        0x8 soil/soil.o
 .group         0x00000000        0x8 soil/soil.o
 .group         0x00000000        0x8 soil/soil.o
 .group         0x00000000        0x8 soil/soil.o
 .group         0x00000000        0x8 soil/soil.o
 .group         0x00000000        0x8 soil/soil.o
 .group         0x00000000        0x8 soil/soil.o
 .group         0x00000000        0x8 soil/soil.o
 .group         0x00000000        0x8 soil/soil.o
 .group         0x00000000        0x8 soil/soil.o
 .group         0x00000000        0x8 soil/soil.o
 .group         0x00000000        0x8 soil/soil.o
 .group         0x00000000        0x8 soil/soil.o
 .group         0x00000000        0x8 soil/soil.o
 .group         0x00000000        0x8 soil/soil.o
 .group         0x00000000        0x8 soil/soil.o
 .group         0x00000000        0x8 soil/soil.o
 .group         0x00000000        0x8 soil/soil.o
 .group         0x00000000        0x8 soil/soil.o
 .group         0x00000000        0x8 soil/soil.o
 .group         0x00000000        0x8 soil/soil.o
 .group         0x00000000        0x8 soil/soil.o
 .group         0x00000000        0x8 soil/soil.o
 .group         0x00000000        0x8 soil/soil.o
 .group         0x00000000        0x8 soil/soil.o
 .group         0x00000000        0x8 soil/soil.o
 .text          0x00000000        0x0 soil/soil.o
 .data          0x00000000        0x0 soil/soil.o
 .bss           0x00000000        0x0 soil/soil.o
 .debug_macro   0x00000000      0xa4e soil/soil.o
 .debug_macro   0x00000000       0x1c soil/soil.o
 .debug_macro   0x00000000      0x10e soil/soil.o
 .debug_macro   0x00000000       0x66 soil/soil.o
 .debug_macro   0x00000000       0x10 soil/soil.o
 .debug_macro   0x00000000       0x10 soil/soil.o
 .debug_macro   0x00000000      0x1c9 soil/soil.o
 .debug_macro   0x00000000      0x2fc soil/soil.o
 .debug_macro   0x00000000       0x9e soil/soil.o
 .debug_macro   0x00000000      0xc24 soil/soil.o
 .debug_macro   0x00000000      0x170 soil/soil.o
 .debug_macro   0x00000000       0xbd soil/soil.o
 .debug_macro   0x00000000       0x34 soil/soil.o
 .debug_macro   0x00000000       0x18 soil/soil.o
 .debug_macro   0x00000000       0x6c soil/soil.o
 .debug_macro   0x00000000      0x2dc soil/soil.o
 .debug_macro   0x00000000       0x22 soil/soil.o
 .debug_macro   0x00000000      0x27b soil/soil.o
 .debug_macro   0x00000000       0x10 soil/soil.o
 .debug_macro   0x00000000       0x5e soil/soil.o
 .debug_macro   0x00000000       0x10 soil/soil.o
 .debug_macro   0x00000000      0x160 soil/soil.o
 .debug_macro   0x00000000       0x46 soil/soil.o
 .debug_macro   0x00000000       0x34 soil/soil.o
 .debug_macro   0x00000000       0x16 soil/soil.o
 .debug_macro   0x00000000       0x20 soil/soil.o
 .text          0x00000000        0x0 c:/program files (x86)/atmel/studio/7.0/toolchain/avr8/avr8-gnu-toolchain/bin/../lib/gcc/avr/5.4.0/../../../../avr/lib/avr5\libm.a(addsf3.o)
 .data          0x00000000        0x0 c:/program files (x86)/atmel/studio/7.0/toolchain/avr8/avr8-gnu-toolchain/bin/../lib/gcc/avr/5.4.0/../../../../avr/lib/avr5\libm.a(addsf3.o)
 .bss           0x00000000        0x0 c:/program files (x86)/atmel/studio/7.0/toolchain/avr8/avr8-gnu-toolchain/bin/../lib/gcc/avr/5.4.0/../../../../avr/lib/avr5\libm.a(addsf3.o)
 .text          0x00000000        0x0 c:/program files (x86)/atmel/studio/7.0/toolchain/avr8/avr8-gnu-toolchain/bin/../lib/gcc/avr/5.4.0/../../../../avr/lib/avr5\libm.a(addsf3x.o)
 .data          0x00000000        0x0 c:/program files (x86)/atmel/studio/7.0/toolchain/avr8/avr8-gnu-toolchain/bin/../lib/gcc/avr/5.4.0/../../../../avr/lib/avr5\libm.a(addsf3x.o)
 .bss           0x00000000        0x0 c:/program files (x86)/atmel/studio/7.0/toolchain/avr8/avr8-gnu-toolchain/bin/../lib/gcc/avr/5.4.0/../../../../avr/lib/avr5\libm.a(addsf3x.o)
 .text          0x00000000        0x0 c:/program files (x86)/atmel/studio/7.0/toolchain/avr8/avr8-gnu-toolchain/bin/../lib/gcc/avr/5.4.0/../../../../avr/lib/avr5\libm.a(divsf3.o)
 .data          0x00000000        0x0 c:/program files (x86)/atmel/studio/7.0/toolchain/avr8/avr8-gnu-toolchain/bin/../lib/gcc/avr/5.4.0/../../../../avr/lib/avr5\libm.a(divsf3.o)
 .bss           0x00000000        0x0 c:/program files (x86)/atmel/studio/7.0/toolchain/avr8/avr8-gnu-toolchain/bin/../lib/gcc/avr/5.4.0/../../../../avr/lib/avr5\libm.a(divsf3.o)
 .text          0x00000000        0x0 c:/program files (x86)/atmel/studio/7.0/toolchain/avr8/avr8-gnu-toolchain/bin/../lib/gcc/avr/5.4.0/../../../../avr/lib/avr5\libm.a(divsf3x.o)
 .data          0x00000000        0x0 c:/program files (x86)/atmel/studio/7.0/toolchain/avr8/avr8-gnu-toolchain/bin/../lib/gcc/avr/5.4.0/../../../../avr/lib/avr5\libm.a(divsf3x.o)
 .bss           0x00000000        0x0 c:/program files (x86)/atmel/studio/7.0/toolchain/avr8/avr8-gnu-toolchain/bin/../lib/gcc/avr/5.4.0/../../../../avr/lib/avr5\libm.a(divsf3x.o)
 .text          0x00000000        0x0 c:/program files (x86)/atmel/studio/7.0/toolchain/avr8/avr8-gnu-toolchain/bin/../lib/gcc/avr/5.4.0/../../../../avr/lib/avr5\libm.a(floatsisf.o)
 .data          0x00000000        0x0 c:/program files (x86)/atmel/studio/7.0/toolchain/avr8/avr8-gnu-toolchain/bin/../lib/gcc/avr/5.4.0/../../../../avr/lib/avr5\libm.a(floatsisf.o)
 .bss           0x00000000        0x0 c:/program files (x86)/atmel/studio/7.0/toolchain/avr8/avr8-gnu-toolchain/bin/../lib/gcc/avr/5.4.0/../../../../avr/lib/avr5\libm.a(floatsisf.o)
 .text          0x00000000        0x0 c:/program files (x86)/atmel/studio/7.0/toolchain/avr8/avr8-gnu-toolchain/bin/../lib/gcc/avr/5.4.0/../../../../avr/lib/avr5\libm.a(fp_inf.o)
 .data          0x00000000        0x0 c:/program files (x86)/atmel/studio/7.0/toolchain/avr8/avr8-gnu-toolchain/bin/../lib/gcc/avr/5.4.0/../../../../avr/lib/avr5\libm.a(fp_inf.o)
 .bss           0x00000000        0x0 c:/program files (x86)/atmel/studio/7.0/toolchain/avr8/avr8-gnu-toolchain/bin/../lib/gcc/avr/5.4.0/../../../../avr/lib/avr5\libm.a(fp_inf.o)
 .text          0x00000000        0x0 c:/program files (x86)/atmel/studio/7.0/toolchain/avr8/avr8-gnu-toolchain/bin/../lib/gcc/avr/5.4.0/../../../../avr/lib/avr5\libm.a(fp_nan.o)
 .data          0x00000000        0x0 c:/program files (x86)/atmel/studio/7.0/toolchain/avr8/avr8-gnu-toolchain/bin/../lib/gcc/avr/5.4.0/../../../../avr/lib/avr5\libm.a(fp_nan.o)
 .bss           0x00000000        0x0 c:/program files (x86)/atmel/studio/7.0/toolchain/avr8/avr8-gnu-toolchain/bin/../lib/gcc/avr/5.4.0/../../../../avr/lib/avr5\libm.a(fp_nan.o)
 .text          0x00000000        0x0 c:/program files (x86)/atmel/studio/7.0/toolchain/avr8/avr8-gnu-toolchain/bin/../lib/gcc/avr/5.4.0/../../../../avr/lib/avr5\libm.a(fp_pscA.o)
 .data          0x00000000        0x0 c:/program files (x86)/atmel/studio/7.0/toolchain/avr8/avr8-gnu-toolchain/bin/../lib/gcc/avr/5.4.0/../../../../avr/lib/avr5\libm.a(fp_pscA.o)
 .bss           0x00000000        0x0 c:/program files (x86)/atmel/studio/7.0/toolchain/avr8/avr8-gnu-toolchain/bin/../lib/gcc/avr/5.4.0/../../../../avr/lib/avr5\libm.a(fp_pscA.o)
 .text          0x00000000        0x0 c:/program files (x86)/atmel/studio/7.0/toolchain/avr8/avr8-gnu-toolchain/bin/../lib/gcc/avr/5.4.0/../../../../avr/lib/avr5\libm.a(fp_pscB.o)
 .data          0x00000000        0x0 c:/program files (x86)/atmel/studio/7.0/toolchain/avr8/avr8-gnu-toolchain/bin/../lib/gcc/avr/5.4.0/../../../../avr/lib/avr5\libm.a(fp_pscB.o)
 .bss           0x00000000        0x0 c:/program files (x86)/atmel/studio/7.0/toolchain/avr8/avr8-gnu-toolchain/bin/../lib/gcc/avr/5.4.0/../../../../avr/lib/avr5\libm.a(fp_pscB.o)
 .text          0x00000000        0x0 c:/program files (x86)/atmel/studio/7.0/toolchain/avr8/avr8-gnu-toolchain/bin/../lib/gcc/avr/5.4.0/../../../../avr/lib/avr5\libm.a(fp_round.o)
 .data          0x00000000        0x0 c:/program files (x86)/atmel/studio/7.0/toolchain/avr8/avr8-gnu-toolchain/bin/../lib/gcc/avr/5.4.0/../../../../avr/lib/avr5\libm.a(fp_round.o)
 .bss           0x00000000        0x0 c:/program files (x86)/atmel/studio/7.0/toolchain/avr8/avr8-gnu-toolchain/bin/../lib/gcc/avr/5.4.0/../../../../avr/lib/avr5\libm.a(fp_round.o)
 .text          0x00000000        0x0 c:/program files (x86)/atmel/studio/7.0/toolchain/avr8/avr8-gnu-toolchain/bin/../lib/gcc/avr/5.4.0/../../../../avr/lib/avr5\libm.a(fp_split3.o)
 .data          0x00000000        0x0 c:/program files (x86)/atmel/studio/7.0/toolchain/avr8/avr8-gnu-toolchain/bin/../lib/gcc/avr/5.4.0/../../../../avr/lib/avr5\libm.a(fp_split3.o)
 .bss           0x00000000        0x0 c:/program files (x86)/atmel/studio/7.0/toolchain/avr8/avr8-gnu-toolchain/bin/../lib/gcc/avr/5.4.0/../../../../avr/lib/avr5\libm.a(fp_split3.o)
 .text          0x00000000        0x0 c:/program files (x86)/atmel/studio/7.0/toolchain/avr8/avr8-gnu-toolchain/bin/../lib/gcc/avr/5.4.0/../../../../avr/lib/avr5\libm.a(fp_zero.o)
 .data          0x00000000        0x0 c:/program files (x86)/atmel/studio/7.0/toolchain/avr8/avr8-gnu-toolchain/bin/../lib/gcc/avr/5.4.0/../../../../avr/lib/avr5\libm.a(fp_zero.o)
 .bss           0x00000000        0x0 c:/program files (x86)/atmel/studio/7.0/toolchain/avr8/avr8-gnu-toolchain/bin/../lib/gcc/avr/5.4.0/../../../../avr/lib/avr5\libm.a(fp_zero.o)
 .text          0x00000000        0x0 c:/program files (x86)/atmel/studio/7.0/toolchain/avr8/avr8-gnu-toolchain/bin/../lib/gcc/avr/5.4.0/../../../../avr/lib/avr5\libm.a(mulsf3.o)
 .data          0x00000000        0x0 c:/program files (x86)/atmel/studio/7.0/toolchain/avr8/avr8-gnu-toolchain/bin/../lib/gcc/avr/5.4.0/../../../../avr/lib/avr5\libm.a(mulsf3.o)
 .bss           0x00000000        0x0 c:/program files (x86)/atmel/studio/7.0/toolchain/avr8/avr8-gnu-toolchain/bin/../lib/gcc/avr/5.4.0/../../../../avr/lib/avr5\libm.a(mulsf3.o)
 .text          0x00000000        0x0 c:/program files (x86)/atmel/studio/7.0/toolchain/avr8/avr8-gnu-toolchain/bin/../lib/gcc/avr/5.4.0/../../../../avr/lib/avr5\libm.a(mulsf3x.o)
 .data          0x00000000        0x0 c:/program files (x86)/atmel/studio/7.0/toolchain/avr8/avr8-gnu-toolchain/bin/../lib/gcc/avr/5.4.0/../../../../avr/lib/avr5\libm.a(mulsf3x.o)
 .bss           0x00000000        0x0 c:/program files (x86)/atmel/studio/7.0/toolchain/avr8/avr8-gnu-toolchain/bin/../lib/gcc/avr/5.4.0/../../../../avr/lib/avr5\libm.a(mulsf3x.o)
 .text          0x00000000        0x0 c:/program files (x86)/atmel/studio/7.0/toolchain/avr8/avr8-gnu-toolchain/bin/../lib/gcc/avr/5.4.0/avr5\libgcc.a(_exit.o)
 .data          0x00000000        0x0 c:/program files (x86)/atmel/studio/7.0/toolchain/avr8/avr8-gnu-toolchain/bin/../lib/gcc/avr/5.4.0/avr5\libgcc.a(_exit.o)
 .bss           0x00000000        0x0 c:/program files (x86)/atmel/studio/7.0/toolchain/avr8/avr8-gnu-toolchain/bin/../lib/gcc/avr/5.4.0/avr5\libgcc.a(_exit.o)
 .text.libgcc.mul
                0x00000000        0x0 c:/program files (x86)/atmel/studio/7.0/toolchain/avr8/avr8-gnu-toolchain/bin/../lib/gcc/avr/5.4.0/avr5\libgcc.a(_exit.o)
 .text.libgcc.div
                0x00000000        0x0 c:/program files (x86)/atmel/studio/7.0/toolchain/avr8/avr8-gnu-toolchain/bin/../lib/gcc/avr/5.4.0/avr5\libgcc.a(_exit.o)
 .text.libgcc   0x00000000        0x0 c:/program files (x86)/atmel/studio/7.0/toolchain/avr8/avr8-gnu-toolchain/bin/../lib/gcc/avr/5.4.0/avr5\libgcc.a(_exit.o)
 .text.libgcc.prologue
                0x00000000        0x0 c:/program files (x86)/atmel/studio/7.0/toolchain/avr8/avr8-gnu-toolchain/bin/../lib/gcc/avr/5.4.0/avr5\libgcc.a(_exit.o)
 .text.libgcc.builtins
                0x00000000        0x0 c:/program files (x86)/atmel/studio/7.0/toolchain/avr8/avr8-gnu-toolchain/bin/../lib/gcc/avr/5.4.0/avr5\libgcc.a(_exit.o)
 .text.libgcc.fmul
                0x00000000        0x0 c:/program files (x86)/atmel/studio/7.0/toolchain/avr8/avr8-gnu-toolchain/bin/../lib/gcc/avr/5.4.0/avr5\libgcc.a(_exit.o)
 .text.libgcc.fixed
                0x00000000        0x0 c:/program files (x86)/atmel/studio/7.0/toolchain/avr8/avr8-gnu-toolchain/bin/../lib/gcc/avr/5.4.0/avr5\libgcc.a(_exit.o)
 .text          0x00000000        0x0 c:/program files (x86)/atmel/studio/7.0/toolchain/avr8/avr8-gnu-toolchain/bin/../lib/gcc/avr/5.4.0/avr5\libgcc.a(_copy_data.o)
 .data          0x00000000        0x0 c:/program files (x86)/atmel/studio/7.0/toolchain/avr8/avr8-gnu-toolchain/bin/../lib/gcc/avr/5.4.0/avr5\libgcc.a(_copy_data.o)
 .bss           0x00000000        0x0 c:/program files (x86)/atmel/studio/7.0/toolchain/avr8/avr8-gnu-toolchain/bin/../lib/gcc/avr/5.4.0/avr5\libgcc.a(_copy_data.o)
 .text.libgcc.mul
                0x00000000        0x0 c:/program files (x86)/atmel/studio/7.0/toolchain/avr8/avr8-gnu-toolchain/bin/../lib/gcc/avr/5.4.0/avr5\libgcc.a(_copy_data.o)
 .text.libgcc.div
                0x00000000        0x0 c:/program files (x86)/atmel/studio/7.0/toolchain/avr8/avr8-gnu-toolchain/bin/../lib/gcc/avr/5.4.0/avr5\libgcc.a(_copy_data.o)
 .text.libgcc   0x00000000        0x0 c:/program files (x86)/atmel/studio/7.0/toolchain/avr8/avr8-gnu-toolchain/bin/../lib/gcc/avr/5.4.0/avr5\libgcc.a(_copy_data.o)
 .text.libgcc.prologue
                0x00000000        0x0 c:/program files (x86)/atmel/studio/7.0/toolchain/avr8/avr8-gnu-toolchain/bin/../lib/gcc/avr/5.4.0/avr5\libgcc.a(_copy_data.o)
 .text.libgcc.builtins
                0x00000000        0x0 c:/program files (x86)/atmel/studio/7.0/toolchain/avr8/avr8-gnu-toolchain/bin/../lib/gcc/avr/5.4.0/avr5\libgcc.a(_copy_data.o)
 .text.libgcc.fmul
                0x00000000        0x0 c:/program files (x86)/atmel/studio/7.0/toolchain/avr8/avr8-gnu-toolchain/bin/../lib/gcc/avr/5.4.0/avr5\libgcc.a(_copy_data.o)
 .text.libgcc.fixed
                0x00000000        0x0 c:/program files (x86)/atmel/studio/7.0/toolchain/avr8/avr8-gnu-toolchain/bin/../lib/gcc/avr/5.4.0/avr5\libgcc.a(_copy_data.o)
 .text          0x00000000        0x0 c:/program files (x86)/atmel/studio/7.0/toolchain/avr8/avr8-gnu-toolchain/bin/../lib/gcc/avr/5.4.0/avr5\libgcc.a(_clear_bss.o)
 .data          0x00000000        0x0 c:/program files (x86)/atmel/studio/7.0/toolchain/avr8/avr8-gnu-toolchain/bin/../lib/gcc/avr/5.4.0/avr5\libgcc.a(_clear_bss.o)
 .bss           0x00000000        0x0 c:/program files (x86)/atmel/studio/7.0/toolchain/avr8/avr8-gnu-toolchain/bin/../lib/gcc/avr/5.4.0/avr5\libgcc.a(_clear_bss.o)
 .text.libgcc.mul
                0x00000000        0x0 c:/program files (x86)/atmel/studio/7.0/toolchain/avr8/avr8-gnu-toolchain/bin/../lib/gcc/avr/5.4.0/avr5\libgcc.a(_clear_bss.o)
 .text.libgcc.div
                0x00000000        0x0 c:/program files (x86)/atmel/studio/7.0/toolchain/avr8/avr8-gnu-toolchain/bin/../lib/gcc/avr/5.4.0/avr5\libgcc.a(_clear_bss.o)
 .text.libgcc   0x00000000        0x0 c:/program files (x86)/atmel/studio/7.0/toolchain/avr8/avr8-gnu-toolchain/bin/../lib/gcc/avr/5.4.0/avr5\libgcc.a(_clear_bss.o)
 .text.libgcc.prologue
                0x00000000        0x0 c:/program files (x86)/atmel/studio/7.0/toolchain/avr8/avr8-gnu-toolchain/bin/../lib/gcc/avr/5.4.0/avr5\libgcc.a(_clear_bss.o)
 .text.libgcc.builtins
                0x00000000        0x0 c:/program files (x86)/atmel/studio/7.0/toolchain/avr8/avr8-gnu-toolchain/bin/../lib/gcc/avr/5.4.0/avr5\libgcc.a(_clear_bss.o)
 .text.libgcc.fmul
                0x00000000        0x0 c:/program files (x86)/atmel/studio/7.0/toolchain/avr8/avr8-gnu-toolchain/bin/../lib/gcc/avr/5.4.0/avr5\libgcc.a(_clear_bss.o)
 .text.libgcc.fixed
                0x00000000        0x0 c:/program files (x86)/atmel/studio/7.0/toolchain/avr8/avr8-gnu-toolchain/bin/../lib/gcc/avr/5.4.0/avr5\libgcc.a(_clear_bss.o)
 .text          0x00000000        0x0 c:/program files (x86)/atmel/studio/7.0/toolchain/avr8/avr8-gnu-toolchain/bin/../lib/gcc/avr/5.4.0/../../../../avr/lib/avr5\libc.a(dtostrf.o)
 .data          0x00000000        0x0 c:/program files (x86)/atmel/studio/7.0/toolchain/avr8/avr8-gnu-toolchain/bin/../lib/gcc/avr/5.4.0/../../../../avr/lib/avr5\libc.a(dtostrf.o)
 .bss           0x00000000        0x0 c:/program files (x86)/atmel/studio/7.0/toolchain/avr8/avr8-gnu-toolchain/bin/../lib/gcc/avr/5.4.0/../../../../avr/lib/avr5\libc.a(dtostrf.o)
 .text          0x00000000        0x0 c:/program files (x86)/atmel/studio/7.0/toolchain/avr8/avr8-gnu-toolchain/bin/../lib/gcc/avr/5.4.0/../../../../avr/lib/avr5\libc.a(itoa_ncheck.o)
 .data          0x00000000        0x0 c:/program files (x86)/atmel/studio/7.0/toolchain/avr8/avr8-gnu-toolchain/bin/../lib/gcc/avr/5.4.0/../../../../avr/lib/avr5\libc.a(itoa_ncheck.o)
 .bss           0x00000000        0x0 c:/program files (x86)/atmel/studio/7.0/toolchain/avr8/avr8-gnu-toolchain/bin/../lib/gcc/avr/5.4.0/../../../../avr/lib/avr5\libc.a(itoa_ncheck.o)
 .text          0x00000000        0x0 c:/program files (x86)/atmel/studio/7.0/toolchain/avr8/avr8-gnu-toolchain/bin/../lib/gcc/avr/5.4.0/../../../../avr/lib/avr5\libc.a(utoa_ncheck.o)
 .data          0x00000000        0x0 c:/program files (x86)/atmel/studio/7.0/toolchain/avr8/avr8-gnu-toolchain/bin/../lib/gcc/avr/5.4.0/../../../../avr/lib/avr5\libc.a(utoa_ncheck.o)
 .bss           0x00000000        0x0 c:/program files (x86)/atmel/studio/7.0/toolchain/avr8/avr8-gnu-toolchain/bin/../lib/gcc/avr/5.4.0/../../../../avr/lib/avr5\libc.a(utoa_ncheck.o)
 .text          0x00000000        0x0 c:/program files (x86)/atmel/studio/7.0/toolchain/avr8/avr8-gnu-toolchain/bin/../lib/gcc/avr/5.4.0/../../../../avr/lib/avr5\libc.a(dtoa_prf.o)
 .data          0x00000000        0x0 c:/program files (x86)/atmel/studio/7.0/toolchain/avr8/avr8-gnu-toolchain/bin/../lib/gcc/avr/5.4.0/../../../../avr/lib/avr5\libc.a(dtoa_prf.o)
 .bss           0x00000000        0x0 c:/program files (x86)/atmel/studio/7.0/toolchain/avr8/avr8-gnu-toolchain/bin/../lib/gcc/avr/5.4.0/../../../../avr/lib/avr5\libc.a(dtoa_prf.o)
 .text          0x00000000        0x0 c:/program files (x86)/atmel/studio/7.0/toolchain/avr8/avr8-gnu-toolchain/bin/../lib/gcc/avr/5.4.0/../../../../avr/lib/avr5\libc.a(ftoa_engine.o)
 .data          0x00000000        0x0 c:/program files (x86)/atmel/studio/7.0/toolchain/avr8/avr8-gnu-toolchain/bin/../lib/gcc/avr/5.4.0/../../../../avr/lib/avr5\libc.a(ftoa_engine.o)
 .bss           0x00000000        0x0 c:/program files (x86)/atmel/studio/7.0/toolchain/avr8/avr8-gnu-toolchain/bin/../lib/gcc/avr/5.4.0/../../../../avr/lib/avr5\libc.a(ftoa_engine.o)
 .text          0x00000000        0x0 c:/program files (x86)/atmel/studio/7.0/toolchain/avr8/avr8-gnu-toolchain/bin/../lib/gcc/avr/5.4.0/../../../../avr/lib/avr5\libc.a(strrev.o)
 .data          0x00000000        0x0 c:/program files (x86)/atmel/studio/7.0/toolchain/avr8/avr8-gnu-toolchain/bin/../lib/gcc/avr/5.4.0/../../../../avr/lib/avr5\libc.a(strrev.o)
 .bss           0x00000000        0x0 c:/program files (x86)/atmel/studio/7.0/toolchain/avr8/avr8-gnu-toolchain/bin/../lib/gcc/avr/5.4.0/../../../../avr/lib/avr5\libc.a(strrev.o)
 .text          0x00000000        0x0 c:/program files (x86)/atmel/studio/7.0/toolchain/avr8/avr8-gnu-toolchain/bin/../lib/gcc/avr/5.4.0/avr5\libgcc.a(_prologue.o)
 .data          0x00000000        0x0 c:/program files (x86)/atmel/studio/7.0/toolchain/avr8/avr8-gnu-toolchain/bin/../lib/gcc/avr/5.4.0/avr5\libgcc.a(_prologue.o)
 .bss           0x00000000        0x0 c:/program files (x86)/atmel/studio/7.0/toolchain/avr8/avr8-gnu-toolchain/bin/../lib/gcc/avr/5.4.0/avr5\libgcc.a(_prologue.o)
 .text.libgcc.mul
                0x00000000        0x0 c:/program files (x86)/atmel/studio/7.0/toolchain/avr8/avr8-gnu-toolchain/bin/../lib/gcc/avr/5.4.0/avr5\libgcc.a(_prologue.o)
 .text.libgcc.div
                0x00000000        0x0 c:/program files (x86)/atmel/studio/7.0/toolchain/avr8/avr8-gnu-toolchain/bin/../lib/gcc/avr/5.4.0/avr5\libgcc.a(_prologue.o)
 .text.libgcc   0x00000000        0x0 c:/program files (x86)/atmel/studio/7.0/toolchain/avr8/avr8-gnu-toolchain/bin/../lib/gcc/avr/5.4.0/avr5\libgcc.a(_prologue.o)
 .text.libgcc.builtins
                0x00000000        0x0 c:/program files (x86)/atmel/studio/7.0/toolchain/avr8/avr8-gnu-toolchain/bin/../lib/gcc/avr/5.4.0/avr5\libgcc.a(_prologue.o)
 .text.libgcc.fmul
                0x00000000        0x0 c:/program files (x86)/atmel/studio/7.0/toolchain/avr8/avr8-gnu-toolchain/bin/../lib/gcc/avr/5.4.0/avr5\libgcc.a(_prologue.o)
 .text.libgcc.fixed
                0x00000000        0x0 c:/program files (x86)/atmel/studio/7.0/toolchain/avr8/avr8-gnu-toolchain/bin/../lib/gcc/avr/5.4.0/avr5\libgcc.a(_prologue.o)
 .text          0x00000000        0x0 c:/program files (x86)/atmel/studio/7.0/toolchain/avr8/avr8-gnu-toolchain/bin/../lib/gcc/avr/5.4.0/avr5\libgcc.a(_epilogue.o)
 .data          0x00000000        0x0 c:/program files (x86)/atmel/studio/7.0/toolchain/avr8/avr8-gnu-toolchain/bin/../lib/gcc/avr/5.4.0/avr5\libgcc.a(_epilogue.o)
 .bss           0x00000000        0x0 c:/program files (x86)/atmel/studio/7.0/toolchain/avr8/avr8-gnu-toolchain/bin/../lib/gcc/avr/5.4.0/avr5\libgcc.a(_epilogue.o)
 .text.libgcc.mul
                0x00000000        0x0 c:/program files (x86)/atmel/studio/7.0/toolchain/avr8/avr8-gnu-toolchain/bin/../lib/gcc/avr/5.4.0/avr5\libgcc.a(_epilogue.o)
 .text.libgcc.div
                0x00000000        0x0 c:/program files (x86)/atmel/studio/7.0/toolchain/avr8/avr8-gnu-toolchain/bin/../lib/gcc/avr/5.4.0/avr5\libgcc.a(_epilogue.o)
 .text.libgcc   0x00000000        0x0 c:/program files (x86)/atmel/studio/7.0/toolchain/avr8/avr8-gnu-toolchain/bin/../lib/gcc/avr/5.4.0/avr5\libgcc.a(_epilogue.o)
 .text.libgcc.builtins
                0x00000000        0x0 c:/program files (x86)/atmel/studio/7.0/toolchain/avr8/avr8-gnu-toolchain/bin/../lib/gcc/avr/5.4.0/avr5\libgcc.a(_epilogue.o)
 .text.libgcc.fmul
                0x00000000        0x0 c:/program files (x86)/atmel/studio/7.0/toolchain/avr8/avr8-gnu-toolchain/bin/../lib/gcc/avr/5.4.0/avr5\libgcc.a(_epilogue.o)
 .text.libgcc.fixed
                0x00000000        0x0 c:/program files (x86)/atmel/studio/7.0/toolchain/avr8/avr8-gnu-toolchain/bin/../lib/gcc/avr/5.4.0/avr5\libgcc.a(_epilogue.o)

Memory Configuration

Name             Origin             Length             Attributes
text             0x00000000         0x00008000         xr
data             0x00800060         0x00000800         rw !x
eeprom           0x00810000         0x00000400         rw !x
fuse             0x00820000         0x00000002         rw !x
lock             0x00830000         0x00000400         rw !x
signature        0x00840000         0x00000400         rw !x
user_signatures  0x00850000         0x00000400         rw !x
*default*        0x00000000         0xffffffff

Linker script and memory map

LOAD C:/Program Files (x86)/Atmel/Studio/7.0/Packs/atmel/ATmega_DFP/1.6.364/gcc/dev/atmega32/avr5/crtatmega32.o
LOAD ADC/ADC_program.o
LOAD basics/PINS_Direction.o
LOAD DHT11/dht11.o
LOAD int/External_interrupt.o
LOAD LCCD/LCD_PROGRAM.o
LOAD main.o
LOAD Rain/rain.o
LOAD soil/soil.o
START GROUP
LOAD c:/program files (x86)/atmel/studio/7.0/toolchain/avr8/avr8-gnu-toolchain/bin/../lib/gcc/avr/5.4.0/../../../../avr/lib/avr5\libm.a
END GROUP
START GROUP
LOAD c:/program files (x86)/atmel/studio/7.0/toolchain/avr8/avr8-gnu-toolchain/bin/../lib/gcc/avr/5.4.0/avr5\libgcc.a
LOAD c:/program files (x86)/atmel/studio/7.0/toolchain/avr8/avr8-gnu-toolchain/bin/../lib/gcc/avr/5.4.0/../../../../avr/lib/avr5\libm.a
LOAD c:/program files (x86)/atmel/studio/7.0/toolchain/avr8/avr8-gnu-toolchain/bin/../lib/gcc/avr/5.4.0/../../../../avr/lib/avr5\libc.a
LOAD C:/Program Files (x86)/Atmel/Studio/7.0/Packs/atmel/ATmega_DFP/1.6.364/gcc/dev/atmega32/avr5\libatmega32.a
END GROUP
                0x00000000                __TEXT_REGION_ORIGIN__ = DEFINED (__TEXT_REGION_ORIGIN__)?__TEXT_REGION_ORIGIN__:0x0
                [0x00800060]                __DATA_REGION_ORIGIN__ = DEFINED (__DATA_REGION_ORIGIN__)?__DATA_REGION_ORIGIN__:0x800060
                [0x00008000]                __TEXT_REGION_LENGTH__ = DEFINED (__TEXT_REGION_LENGTH__)?__TEXT_REGION_LENGTH__:0x20000
                [0x00000800]                __DATA_REGION_LENGTH__ = DEFINED (__DATA_REGION_LENGTH__)?__DATA_REGION_LENGTH__:0xffa0
                [0x00000400]                __EEPROM_REGION_LENGTH__ = DEFINED (__EEPROM_REGION_LENGTH__)?__EEPROM_REGION_LENGTH__:0x10000
                [0x00000002]                __FUSE_REGION_LENGTH__ = DEFINED (__FUSE_REGION_LENGTH__)?__FUSE_REGION_LENGTH__:0x400
                0x00000400                __LOCK_REGION_LENGTH__ = DEFINED (__LOCK_REGION_LENGTH__)?__LOCK_REGION_LENGTH__:0x400
                0x00000400                __SIGNATURE_REGION_LENGTH__ = DEFINED (__SIGNATURE_REGION_LENGTH__)?__SIGNATURE_REGION_LENGTH__:0x400
                0x00000400                __USER_SIGNATURE_REGION_LENGTH__ = DEFINED (__USER_SIGNATURE_REGION_LENGTH__)?__USER_SIGNATURE_REGION_LENGTH__:0x400

.hash
 *(.hash)

.dynsym
 *(.dynsym)

.dynstr
 *(.dynstr)

.gnu.version
 *(.gnu.version)

.gnu.version_d
 *(.gnu.version_d)

.gnu.version_r
 *(.gnu.version_r)

.rel.init
 *(.rel.init)

.rela.init
 *(.rela.init)

.rel.text
 *(.rel.text)
 *(.rel.text.*)
 *(.rel.gnu.linkonce.t*)

.rela.text
 *(.rela.text)
 *(.rela.text.*)
 *(.rela.gnu.linkonce.t*)

.rel.fini
 *(.rel.fini)

.rela.fini
 *(.rela.fini)

.rel.rodata
 *(.rel.rodata)
 *(.rel.rodata.*)
 *(.rel.gnu.linkonce.r*)

.rela.rodata
 *(.rela.rodata)
 *(.rela.rodata.*)
 *(.rela.gnu.linkonce.r*)

.rel.data
 *(.rel.data)
 *(.rel.data.*)
 *(.rel.gnu.linkonce.d*)

.rela.data
 *(.rela.data)
 *(.rela.data.*)
 *(.rela.gnu.linkonce.d*)

.rel.ctors
 *(.rel.ctors)

.rela.ctors
 *(.rela.ctors)

.rel.dtors
 *(.rel.dtors)

.rela.dtors
 *(.rela.dtors)

.rel.got
 *(.rel.got)

.rela.got
 *(.rela.got)

.rel.bss
 *(.rel.bss)

.rela.bss
 *(.rela.bss)

.rel.plt
 *(.rel.plt)

.rela.plt
 *(.rela.plt)

.text           0x00000000     0x110c
 *(.vectors)
 .vectors       0x00000000       0x54 C:/Program Files (x86)/Atmel/Studio/7.0/Packs/atmel/ATmega_DFP/1.6.364/gcc/dev/atmega32/avr5/crtatmega32.o
                0x00000000                __vector_default
                0x00000000                __vectors
 *(.vectors)
 *(.progmem.gcc*)
                0x00000054                . = ALIGN (0x2)
                0x00000054                __trampolines_start = .
 *(.trampolines)
 .trampolines   0x00000054        0x0 linker stubs
 *(.trampolines*)
                0x00000054                __trampolines_end = .
 *libprintf_flt.a:*(.progmem.data)
 *libc.a:*(.progmem.data)
 .progmem.data  0x00000054       0xfa c:/program files (x86)/atmel/studio/7.0/toolchain/avr8/avr8-gnu-toolchain/bin/../lib/gcc/avr/5.4.0/../../../../avr/lib/avr5\libc.a(ftoa_engine.o)
 *(.progmem*)
                0x0000014e                . = ALIGN (0x2)
 *(.jumptables)
 *(.jumptables*)
 *(.lowtext)
 *(.lowtext*)
                0x0000014e                __ctors_start = .
 *(.ctors)
                0x0000014e                __ctors_end = .
                0x0000014e                __dtors_start = .
 *(.dtors)
                0x0000014e                __dtors_end = .
 SORT(*)(.ctors)
 SORT(*)(.dtors)
 *(.init0)
 .init0         0x0000014e        0x0 C:/Program Files (x86)/Atmel/Studio/7.0/Packs/atmel/ATmega_DFP/1.6.364/gcc/dev/atmega32/avr5/crtatmega32.o
                0x0000014e                __init
 *(.init0)
 *(.init1)
 *(.init1)
 *(.init2)
 .init2         0x0000014e        0xc C:/Program Files (x86)/Atmel/Studio/7.0/Packs/atmel/ATmega_DFP/1.6.364/gcc/dev/atmega32/avr5/crtatmega32.o
 *(.init2)
 *(.init3)
 *(.init3)
 *(.init4)
 .init4         0x0000015a       0x16 c:/program files (x86)/atmel/studio/7.0/toolchain/avr8/avr8-gnu-toolchain/bin/../lib/gcc/avr/5.4.0/avr5\libgcc.a(_copy_data.o)
                0x0000015a                __do_copy_data
 .init4         0x00000170       0x10 c:/program files (x86)/atmel/studio/7.0/toolchain/avr8/avr8-gnu-toolchain/bin/../lib/gcc/avr/5.4.0/avr5\libgcc.a(_clear_bss.o)
                0x00000170                __do_clear_bss
 *(.init4)
 *(.init5)
 *(.init5)
 *(.init6)
 *(.init6)
 *(.init7)
 *(.init7)
 *(.init8)
 *(.init8)
 *(.init9)
 .init9         0x00000180        0x4 C:/Program Files (x86)/Atmel/Studio/7.0/Packs/atmel/ATmega_DFP/1.6.364/gcc/dev/atmega32/avr5/crtatmega32.o
 *(.init9)
 *(.text)
 .text          0x00000184        0x2 C:/Program Files (x86)/Atmel/Studio/7.0/Packs/atmel/ATmega_DFP/1.6.364/gcc/dev/atmega32/avr5/crtatmega32.o
                0x00000184                __vector_12
                0x00000184                __bad_interrupt
                0x00000184                __vector_6
                0x00000184                __vector_11
                0x00000184                __vector_13
                0x00000184                __vector_17
                0x00000184                __vector_19
                0x00000184                __vector_7
                0x00000184                __vector_5
                0x00000184                __vector_4
                0x00000184                __vector_9
                0x00000184                __vector_15
                0x00000184                __vector_8
                0x00000184                __vector_14
                0x00000184                __vector_10
                0x00000184                __vector_16
                0x00000184                __vector_18
                0x00000184                __vector_20
                0x00000186                . = ALIGN (0x2)
 *(.text.*)
 .text.adc_init
                0x00000186        0xe ADC/ADC_program.o
                0x00000186                adc_init
 .text.ADC_READ
                0x00000194       0x1a ADC/ADC_program.o
                0x00000194                ADC_READ
 .text.DIREC    0x000001ae      0x100 basics/PINS_Direction.o
                0x000001ae                DIREC
 .text.Requestt
                0x000002ae       0x1a DHT11/dht11.o
                0x000002ae                Requestt
 .text.Responsee
                0x000002c8       0x10 DHT11/dht11.o
                0x000002c8                Responsee
 .text.Receive_dataa
                0x000002d8       0x3c DHT11/dht11.o
                0x000002d8                Receive_dataa
 .text.int_Dhtt
                0x00000314      0x12c DHT11/dht11.o
                0x00000314                int_Dhtt
 .text.init_interrrupt
                0x00000440       0x2c int/External_interrupt.o
                0x00000440                init_interrrupt
 .text.SET_CallBack_INT0
                0x0000046c        0xa int/External_interrupt.o
                0x0000046c                SET_CallBack_INT0
 .text.__vector_1
                0x00000476       0x4e int/External_interrupt.o
                0x00000476                __vector_1
 .text.__vector_2
                0x000004c4       0x4e int/External_interrupt.o
                0x000004c4                __vector_2
 .text.__vector_3
                0x00000512       0x4e int/External_interrupt.o
                0x00000512                __vector_3
 .text.lcd_send_command
                0x00000560       0x4c LCCD/LCD_PROGRAM.o
                0x00000560                lcd_send_command
 .text.lcd_init
                0x000005ac       0x50 LCCD/LCD_PROGRAM.o
                0x000005ac                lcd_init
 .text.lcd_write_character
                0x000005fc       0x4c LCCD/LCD_PROGRAM.o
                0x000005fc                lcd_write_character
 .text.lcd_write_word
                0x00000648       0x1c LCCD/LCD_PROGRAM.o
                0x00000648                lcd_write_word
 .text.lcd_clear
                0x00000664       0x12 LCCD/LCD_PROGRAM.o
                0x00000664                lcd_clear
 .text.lcd_goto_xy
                0x00000676       0x18 LCCD/LCD_PROGRAM.o
                0x00000676                lcd_goto_xy
 .text.lcd_set_courser
                0x0000068e       0x18 LCCD/LCD_PROGRAM.o
                0x0000068e                lcd_set_courser
 .text.toggle   0x000006a6       0x24 main.o
                0x000006a6                toggle
 .text.main     0x000006ca       0x82 main.o
                0x000006ca                main
 .text.rain     0x0000074c       0x2c Rain/rain.o
                0x0000074c                rain
 .text.soil     0x00000778       0xa4 soil/soil.o
                0x00000778                soil
 .text.avr-libc.fplib
                0x0000081c        0xa c:/program files (x86)/atmel/studio/7.0/toolchain/avr8/avr8-gnu-toolchain/bin/../lib/gcc/avr/5.4.0/../../../../avr/lib/avr5\libm.a(addsf3.o)
                0x0000081c                __subsf3
                0x0000081e                __addsf3
 .text.avr-libc.fplib
                0x00000826       0xc0 c:/program files (x86)/atmel/studio/7.0/toolchain/avr8/avr8-gnu-toolchain/bin/../lib/gcc/avr/5.4.0/../../../../avr/lib/avr5\libm.a(addsf3x.o)
                0x00000840                __addsf3x
 .text.avr-libc.fplib
                0x000008e6        0x4 c:/program files (x86)/atmel/studio/7.0/toolchain/avr8/avr8-gnu-toolchain/bin/../lib/gcc/avr/5.4.0/../../../../avr/lib/avr5\libm.a(divsf3.o)
                0x000008e6                __divsf3
 .text.avr-libc.fplib
                0x000008ea       0xcc c:/program files (x86)/atmel/studio/7.0/toolchain/avr8/avr8-gnu-toolchain/bin/../lib/gcc/avr/5.4.0/../../../../avr/lib/avr5\libm.a(divsf3x.o)
                0x00000900                __divsf3x
                0x00000904                __divsf3_pse
 .text.avr-libc.fplib
                0x000009b6       0x7a c:/program files (x86)/atmel/studio/7.0/toolchain/avr8/avr8-gnu-toolchain/bin/../lib/gcc/avr/5.4.0/../../../../avr/lib/avr5\libm.a(floatsisf.o)
                0x000009b6                __floatunsisf
                0x000009ba                __floatsisf
 .text.avr-libc.fplib
                0x00000a30        0xc c:/program files (x86)/atmel/studio/7.0/toolchain/avr8/avr8-gnu-toolchain/bin/../lib/gcc/avr/5.4.0/../../../../avr/lib/avr5\libm.a(fp_inf.o)
                0x00000a30                __fp_inf
 .text.avr-libc.fplib
                0x00000a3c        0x6 c:/program files (x86)/atmel/studio/7.0/toolchain/avr8/avr8-gnu-toolchain/bin/../lib/gcc/avr/5.4.0/../../../../avr/lib/avr5\libm.a(fp_nan.o)
                0x00000a3c                __fp_nan
 .text.avr-libc.fplib
                0x00000a42        0xe c:/program files (x86)/atmel/studio/7.0/toolchain/avr8/avr8-gnu-toolchain/bin/../lib/gcc/avr/5.4.0/../../../../avr/lib/avr5\libm.a(fp_pscA.o)
                0x00000a42                __fp_pscA
 .text.avr-libc.fplib
                0x00000a50        0xe c:/program files (x86)/atmel/studio/7.0/toolchain/avr8/avr8-gnu-toolchain/bin/../lib/gcc/avr/5.4.0/../../../../avr/lib/avr5\libm.a(fp_pscB.o)
                0x00000a50                __fp_pscB
 .text.avr-libc.fplib
                0x00000a5e       0x22 c:/program files (x86)/atmel/studio/7.0/toolchain/avr8/avr8-gnu-toolchain/bin/../lib/gcc/avr/5.4.0/../../../../avr/lib/avr5\libm.a(fp_round.o)
                0x00000a5e                __fp_round
 .text.avr-libc.fplib
                0x00000a80       0x44 c:/program files (x86)/atmel/studio/7.0/toolchain/avr8/avr8-gnu-toolchain/bin/../lib/gcc/avr/5.4.0/../../../../avr/lib/avr5\libm.a(fp_split3.o)
                0x00000a80                __fp_split3
                0x00000a90                __fp_splitA
 .text.avr-libc.fplib
                0x00000ac4        0xe c:/program files (x86)/atmel/studio/7.0/toolchain/avr8/avr8-gnu-toolchain/bin/../lib/gcc/avr/5.4.0/../../../../avr/lib/avr5\libm.a(fp_zero.o)
                0x00000ac4                __fp_zero
                0x00000ac6                __fp_szero
 .text.avr-libc.fplib
                0x00000ad2        0x4 c:/program files (x86)/atmel/studio/7.0/toolchain/avr8/avr8-gnu-toolchain/bin/../lib/gcc/avr/5.4.0/../../../../avr/lib/avr5\libm.a(mulsf3.o)
                0x00000ad2                __mulsf3
 .text.avr-libc.fplib
                0x00000ad6       0xc2 c:/program files (x86)/atmel/studio/7.0/toolchain/avr8/avr8-gnu-toolchain/bin/../lib/gcc/avr/5.4.0/../../../../avr/lib/avr5\libm.a(mulsf3x.o)
                0x00000aea                __mulsf3x
                0x00000aee                __mulsf3_pse
 .text.avr-libc
                0x00000b98       0x3e c:/program files (x86)/atmel/studio/7.0/toolchain/avr8/avr8-gnu-toolchain/bin/../lib/gcc/avr/5.4.0/../../../../avr/lib/avr5\libc.a(dtostrf.o)
                0x00000b98                dtostrf
 .text.avr-libc
                0x00000bd6       0x14 c:/program files (x86)/atmel/studio/7.0/toolchain/avr8/avr8-gnu-toolchain/bin/../lib/gcc/avr/5.4.0/../../../../avr/lib/avr5\libc.a(itoa_ncheck.o)
                0x00000bd6                __itoa_ncheck
 .text.avr-libc
                0x00000bea       0x32 c:/program files (x86)/atmel/studio/7.0/toolchain/avr8/avr8-gnu-toolchain/bin/../lib/gcc/avr/5.4.0/../../../../avr/lib/avr5\libc.a(utoa_ncheck.o)
                0x00000bea                __utoa_ncheck
                0x00000bec                __utoa_common
 .text.avr-libc
                0x00000c1c      0x2ae c:/program files (x86)/atmel/studio/7.0/toolchain/avr8/avr8-gnu-toolchain/bin/../lib/gcc/avr/5.4.0/../../../../avr/lib/avr5\libc.a(dtoa_prf.o)
                0x00000c1c                dtoa_prf
 .text.avr-libc
                0x00000eca      0x1b0 c:/program files (x86)/atmel/studio/7.0/toolchain/avr8/avr8-gnu-toolchain/bin/../lib/gcc/avr/5.4.0/../../../../avr/lib/avr5\libc.a(ftoa_engine.o)
                0x00000eca                __ftoa_engine
 .text.avr-libc
                0x0000107a       0x20 c:/program files (x86)/atmel/studio/7.0/toolchain/avr8/avr8-gnu-toolchain/bin/../lib/gcc/avr/5.4.0/../../../../avr/lib/avr5\libc.a(strrev.o)
                0x0000107a                strrev
 .text.libgcc.prologue
                0x0000109a       0x38 c:/program files (x86)/atmel/studio/7.0/toolchain/avr8/avr8-gnu-toolchain/bin/../lib/gcc/avr/5.4.0/avr5\libgcc.a(_prologue.o)
                0x0000109a                __prologue_saves__
 .text.libgcc.prologue
                0x000010d2       0x36 c:/program files (x86)/atmel/studio/7.0/toolchain/avr8/avr8-gnu-toolchain/bin/../lib/gcc/avr/5.4.0/avr5\libgcc.a(_epilogue.o)
                0x000010d2                __epilogue_restores__
                0x00001108                . = ALIGN (0x2)
 *(.fini9)
 .fini9         0x00001108        0x0 c:/program files (x86)/atmel/studio/7.0/toolchain/avr8/avr8-gnu-toolchain/bin/../lib/gcc/avr/5.4.0/avr5\libgcc.a(_exit.o)
                0x00001108                _exit
                0x00001108                exit
 *(.fini9)
 *(.fini8)
 *(.fini8)
 *(.fini7)
 *(.fini7)
 *(.fini6)
 *(.fini6)
 *(.fini5)
 *(.fini5)
 *(.fini4)
 *(.fini4)
 *(.fini3)
 *(.fini3)
 *(.fini2)
 *(.fini2)
 *(.fini1)
 *(.fini1)
 *(.fini0)
 .fini0         0x00001108        0x4 c:/program files (x86)/atmel/studio/7.0/toolchain/avr8/avr8-gnu-toolchain/bin/../lib/gcc/avr/5.4.0/avr5\libgcc.a(_exit.o)
 *(.fini0)
                0x0000110c                _etext = .

.data           0x00800060       0xc4 load address 0x0000110c
                0x00800060                PROVIDE (__data_start, .)
 *(.data)
 *(.data*)
 .data.pins     0x00800060       0x80 basics/PINS_Direction.o
                0x00800060                pins
 *(.gnu.linkonce.d*)
 *(.rodata)
 *(.rodata*)
 .rodata.str1.1
                0x008000e0       0x1f DHT11/dht11.o
 .rodata.str1.1
                0x008000ff       0x16 Rain/rain.o
 .rodata.str1.1
                0x00800115        0xf soil/soil.o
 *(.gnu.linkonce.r*)
                0x00800124                . = ALIGN (0x2)
                0x00800124                _edata = .
                0x00800124                PROVIDE (__data_end, .)

.bss            0x00800124        0xe
                0x00800124                PROVIDE (__bss_start, .)
 *(.bss)
 *(.bss*)
 .bss.c         0x00800124        0x1 DHT11/dht11.o
                0x00800124                c
 .bss.state     0x00800125        0x2 main.o
                0x00800125                state
 *(COMMON)
 COMMON         0x00800127        0x5 DHT11/dht11.o
                0x00800127                D_RH
                0x00800128                CheckSum
                0x00800129                I_Temp
                0x0080012a                I_RH
                0x0080012b                D_Temp
 COMMON         0x0080012c        0x6 int/External_interrupt.o
                0x0080012c                p2f0
                0x0080012e                p2f1
                0x00800130                p2f2
                0x00800132                PROVIDE (__bss_end, .)
                0x0000110c                __data_load_start = LOADADDR (.data)
                0x000011d0                __data_load_end = (__data_load_start + SIZEOF (.data))

.noinit         0x00800132        0x0
                [!provide]                PROVIDE (__noinit_start, .)
 *(.noinit*)
                [!provide]                PROVIDE (__noinit_end, .)
                0x00800132                _end = .
                [!provide]                PROVIDE (__heap_start, .)

.eeprom         0x00810000        0x0
 *(.eeprom*)
                0x00810000                __eeprom_end = .

.fuse
 *(.fuse)
 *(.lfuse)
 *(.hfuse)
 *(.efuse)

.lock
 *(.lock*)

.signature
 *(.signature*)

.user_signatures
 *(.user_signatures*)

.stab
 *(.stab)

.stabstr
 *(.stabstr)

.stab.excl
 *(.stab.excl)

.stab.exclstr
 *(.stab.exclstr)

.stab.index
 *(.stab.index)

.stab.indexstr
 *(.stab.indexstr)

.comment        0x00000000       0x30
 *(.comment)
 .comment       0x00000000       0x30 ADC/ADC_program.o
                                 0x31 (size before relaxing)
 .comment       0x00000030       0x31 basics/PINS_Direction.o
 .comment       0x00000030       0x31 DHT11/dht11.o
 .comment       0x00000030       0x31 int/External_interrupt.o
 .comment       0x00000030       0x31 LCCD/LCD_PROGRAM.o
 .comment       0x00000030       0x31 main.o
 .comment       0x00000030       0x31 Rain/rain.o
 .comment       0x00000030       0x31 soil/soil.o
 .comment       0x00000030       0x31 c:/program files (x86)/atmel/studio/7.0/toolchain/avr8/avr8-gnu-toolchain/bin/../lib/gcc/avr/5.4.0/../../../../avr/lib/avr5\libc.a(dtostrf.o)
 .comment       0x00000030       0x31 c:/program files (x86)/atmel/studio/7.0/toolchain/avr8/avr8-gnu-toolchain/bin/../lib/gcc/avr/5.4.0/../../../../avr/lib/avr5\libc.a(dtoa_prf.o)

.note.gnu.avr.deviceinfo
                0x00000000       0x3c
 .note.gnu.avr.deviceinfo
                0x00000000       0x3c C:/Program Files (x86)/Atmel/Studio/7.0/Packs/atmel/ATmega_DFP/1.6.364/gcc/dev/atmega32/avr5/crtatmega32.o

.note.gnu.build-id
 *(.note.gnu.build-id)

.debug
 *(.debug)

.line
 *(.line)

.debug_srcinfo
 *(.debug_srcinfo)

.debug_sfnames
 *(.debug_sfnames)

.debug_aranges  0x00000000      0x188
 *(.debug_aranges)
 .debug_aranges
                0x00000000       0x28 ADC/ADC_program.o
 .debug_aranges
                0x00000028       0x20 basics/PINS_Direction.o
 .debug_aranges
                0x00000048       0x38 DHT11/dht11.o
 .debug_aranges
                0x00000080       0x50 int/External_interrupt.o
 .debug_aranges
                0x000000d0       0x50 LCCD/LCD_PROGRAM.o
 .debug_aranges
                0x00000120       0x28 main.o
 .debug_aranges
                0x00000148       0x20 Rain/rain.o
 .debug_aranges
                0x00000168       0x20 soil/soil.o

.debug_pubnames
 *(.debug_pubnames)

.debug_info     0x00000000     0x1b9a
 *(.debug_info .gnu.linkonce.wi.*)
 .debug_info    0x00000000      0x4e6 C:/Program Files (x86)/Atmel/Studio/7.0/Packs/atmel/ATmega_DFP/1.6.364/gcc/dev/atmega32/avr5/crtatmega32.o
 .debug_info    0x000004e6       0xca ADC/ADC_program.o
 .debug_info    0x000005b0      0x1da basics/PINS_Direction.o
 .debug_info    0x0000078a      0x661 DHT11/dht11.o
 .debug_info    0x00000deb      0x19c int/External_interrupt.o
 .debug_info    0x00000f87      0x5ff LCCD/LCD_PROGRAM.o
 .debug_info    0x00001586      0x311 main.o
 .debug_info    0x00001897      0x14c Rain/rain.o
 .debug_info    0x000019e3      0x1b7 soil/soil.o

.debug_abbrev   0x00000000      0xd38
 *(.debug_abbrev)
 .debug_abbrev  0x00000000      0x4a3 C:/Program Files (x86)/Atmel/Studio/7.0/Packs/atmel/ATmega_DFP/1.6.364/gcc/dev/atmega32/avr5/crtatmega32.o
 .debug_abbrev  0x000004a3       0x7d ADC/ADC_program.o
 .debug_abbrev  0x00000520       0xf0 basics/PINS_Direction.o
 .debug_abbrev  0x00000610      0x250 DHT11/dht11.o
 .debug_abbrev  0x00000860       0xb6 int/External_interrupt.o
 .debug_abbrev  0x00000916      0x18b LCCD/LCD_PROGRAM.o
 .debug_abbrev  0x00000aa1      0x13d main.o
 .debug_abbrev  0x00000bde       0x8c Rain/rain.o
 .debug_abbrev  0x00000c6a       0xce soil/soil.o

.debug_line     0x00000000     0x2132
 *(.debug_line .debug_line.* .debug_line_end)
 .debug_line    0x00000000      0x116 C:/Program Files (x86)/Atmel/Studio/7.0/Packs/atmel/ATmega_DFP/1.6.364/gcc/dev/atmega32/avr5/crtatmega32.o
 .debug_line    0x00000116      0x2ed ADC/ADC_program.o
 .debug_line    0x00000403      0x2eb basics/PINS_Direction.o
 .debug_line    0x000006ee      0x4fe DHT11/dht11.o
 .debug_line    0x00000bec      0x38a int/External_interrupt.o
 .debug_line    0x00000f76      0x4d1 LCCD/LCD_PROGRAM.o
 .debug_line    0x00001447      0x57d main.o
 .debug_line    0x000019c4      0x37c Rain/rain.o
 .debug_line    0x00001d40      0x3f2 soil/soil.o

.debug_frame    0x00000000      0x348
 *(.debug_frame)
 .debug_frame   0x00000000       0x34 ADC/ADC_program.o
 .debug_frame   0x00000034       0x24 basics/PINS_Direction.o
 .debug_frame   0x00000058       0x64 DHT11/dht11.o
 .debug_frame   0x000000bc      0x15c int/External_interrupt.o
 .debug_frame   0x00000218       0x90 LCCD/LCD_PROGRAM.o
 .debug_frame   0x000002a8       0x34 main.o
 .debug_frame   0x000002dc       0x24 Rain/rain.o
 .debug_frame   0x00000300       0x48 soil/soil.o

.debug_str      0x00000000     0x83e9
 *(.debug_str)
 .debug_str     0x00000000      0x196 C:/Program Files (x86)/Atmel/Studio/7.0/Packs/atmel/ATmega_DFP/1.6.364/gcc/dev/atmega32/avr5/crtatmega32.o
 .debug_str     0x00000196     0x702f ADC/ADC_program.o
                               0x729e (size before relaxing)
 .debug_str     0x000071c5       0x88 basics/PINS_Direction.o
                               0x71d2 (size before relaxing)
 .debug_str     0x0000724d      0x9d3 DHT11/dht11.o
                               0x7b7b (size before relaxing)
 .debug_str     0x00007c20      0x558 int/External_interrupt.o
                               0x7665 (size before relaxing)
 .debug_str     0x00008178       0x6b LCCD/LCD_PROGRAM.o
                               0x778d (size before relaxing)
 .debug_str     0x000081e3      0x1c1 main.o
                               0x7eec (size before relaxing)
 .debug_str     0x000083a4        0xf Rain/rain.o
                               0x76c9 (size before relaxing)
 .debug_str     0x000083b3       0x36 soil/soil.o
                               0x7d68 (size before relaxing)

.debug_loc      0x00000000      0xbe5
 *(.debug_loc)
 .debug_loc     0x00000000       0x21 ADC/ADC_program.o
 .debug_loc     0x00000021       0x14 basics/PINS_Direction.o
 .debug_loc     0x00000035      0x20f DHT11/dht11.o
 .debug_loc     0x00000244      0x261 int/External_interrupt.o
 .debug_loc     0x000004a5      0x55c LCCD/LCD_PROGRAM.o
 .debug_loc     0x00000a01      0x120 main.o
 .debug_loc     0x00000b21       0xc4 soil/soil.o

.debug_macinfo
 *(.debug_macinfo)

.debug_weaknames
 *(.debug_weaknames)

.debug_funcnames
 *(.debug_funcnames)

.debug_typenames
 *(.debug_typenames)

.debug_varnames
 *(.debug_varnames)

.debug_pubtypes
 *(.debug_pubtypes)

.debug_ranges   0x00000000      0x108
 *(.debug_ranges)
 .debug_ranges  0x00000000       0x18 ADC/ADC_program.o
 .debug_ranges  0x00000018       0x10 basics/PINS_Direction.o
 .debug_ranges  0x00000028       0x28 DHT11/dht11.o
 .debug_ranges  0x00000050       0x40 int/External_interrupt.o
 .debug_ranges  0x00000090       0x40 LCCD/LCD_PROGRAM.o
 .debug_ranges  0x000000d0       0x18 main.o
 .debug_ranges  0x000000e8       0x10 Rain/rain.o
 .debug_ranges  0x000000f8       0x10 soil/soil.o

.debug_macro    0x00000000     0x3413
 *(.debug_macro)
 .debug_macro   0x00000000       0xdf ADC/ADC_program.o
 .debug_macro   0x000000df      0xa4e ADC/ADC_program.o
 .debug_macro   0x00000b2d       0x10 ADC/ADC_program.o
 .debug_macro   0x00000b3d       0x10 ADC/ADC_program.o
 .debug_macro   0x00000b4d      0x1c9 ADC/ADC_program.o
 .debug_macro   0x00000d16      0x2fc ADC/ADC_program.o
 .debug_macro   0x00001012       0x9e ADC/ADC_program.o
 .debug_macro   0x000010b0      0xc24 ADC/ADC_program.o
 .debug_macro   0x00001cd4      0x170 ADC/ADC_program.o
 .debug_macro   0x00001e44       0xbd ADC/ADC_program.o
 .debug_macro   0x00001f01       0x34 ADC/ADC_program.o
 .debug_macro   0x00001f35       0x18 ADC/ADC_program.o
 .debug_macro   0x00001f4d       0x6c ADC/ADC_program.o
 .debug_macro   0x00001fb9      0x2dc ADC/ADC_program.o
 .debug_macro   0x00002295       0x22 ADC/ADC_program.o
 .debug_macro   0x000022b7      0x27b ADC/ADC_program.o
 .debug_macro   0x00002532       0x10 ADC/ADC_program.o
 .debug_macro   0x00002542       0x5e ADC/ADC_program.o
 .debug_macro   0x000025a0       0xc6 basics/PINS_Direction.o
 .debug_macro   0x00002666      0x11f DHT11/dht11.o
 .debug_macro   0x00002785       0x10 DHT11/dht11.o
 .debug_macro   0x00002795       0x1c DHT11/dht11.o
 .debug_macro   0x000027b1      0x10e DHT11/dht11.o
 .debug_macro   0x000028bf       0x66 DHT11/dht11.o
 .debug_macro   0x00002925       0x10 DHT11/dht11.o
 .debug_macro   0x00002935      0x160 DHT11/dht11.o
 .debug_macro   0x00002a95       0xaa DHT11/dht11.o
 .debug_macro   0x00002b3f       0x46 DHT11/dht11.o
 .debug_macro   0x00002b85       0x34 DHT11/dht11.o
 .debug_macro   0x00002bb9       0xee int/External_interrupt.o
 .debug_macro   0x00002ca7       0x63 int/External_interrupt.o
 .debug_macro   0x00002d0a       0x40 int/External_interrupt.o
 .debug_macro   0x00002d4a      0x106 LCCD/LCD_PROGRAM.o
 .debug_macro   0x00002e50      0x166 LCCD/LCD_PROGRAM.o
 .debug_macro   0x00002fb6      0x1a3 main.o
 .debug_macro   0x00003159       0x10 main.o
 .debug_macro   0x00003169       0x16 main.o
 .debug_macro   0x0000317f       0x20 main.o
 .debug_macro   0x0000319f      0x114 Rain/rain.o
 .debug_macro   0x000032b3      0x160 soil/soil.o
OUTPUT(project.elf elf32-avr)
LOAD linker stubs
